Archive member included to satisfy reference by file (symbol)

c:/st/stm32cubeide_1.1.0/stm32cubeide/plugins/com.st.stm32cube.ide.mcu.externaltools.gnu-tools-for-stm32.7-2018-q2-update.win32_1.4.0.202007081208/tools/bin/../lib/gcc/arm-none-eabi/7.3.1/../../../../arm-none-eabi/lib/thumb/v7e-m/fpv4-sp/hard\libc_nano.a(lib_a-errno.o)
                              Core/Src/syscalls.o (__errno)
c:/st/stm32cubeide_1.1.0/stm32cubeide/plugins/com.st.stm32cube.ide.mcu.externaltools.gnu-tools-for-stm32.7-2018-q2-update.win32_1.4.0.202007081208/tools/bin/../lib/gcc/arm-none-eabi/7.3.1/../../../../arm-none-eabi/lib/thumb/v7e-m/fpv4-sp/hard\libc_nano.a(lib_a-exit.o)
                              c:/st/stm32cubeide_1.1.0/stm32cubeide/plugins/com.st.stm32cube.ide.mcu.externaltools.gnu-tools-for-stm32.7-2018-q2-update.win32_1.4.0.202007081208/tools/bin/../lib/gcc/arm-none-eabi/7.3.1/../../../../arm-none-eabi/lib/thumb/v7e-m/fpv4-sp/hard/crt0.o (exit)
c:/st/stm32cubeide_1.1.0/stm32cubeide/plugins/com.st.stm32cube.ide.mcu.externaltools.gnu-tools-for-stm32.7-2018-q2-update.win32_1.4.0.202007081208/tools/bin/../lib/gcc/arm-none-eabi/7.3.1/../../../../arm-none-eabi/lib/thumb/v7e-m/fpv4-sp/hard\libc_nano.a(lib_a-impure.o)
                              c:/st/stm32cubeide_1.1.0/stm32cubeide/plugins/com.st.stm32cube.ide.mcu.externaltools.gnu-tools-for-stm32.7-2018-q2-update.win32_1.4.0.202007081208/tools/bin/../lib/gcc/arm-none-eabi/7.3.1/../../../../arm-none-eabi/lib/thumb/v7e-m/fpv4-sp/hard\libc_nano.a(lib_a-exit.o) (_global_impure_ptr)
c:/st/stm32cubeide_1.1.0/stm32cubeide/plugins/com.st.stm32cube.ide.mcu.externaltools.gnu-tools-for-stm32.7-2018-q2-update.win32_1.4.0.202007081208/tools/bin/../lib/gcc/arm-none-eabi/7.3.1/../../../../arm-none-eabi/lib/thumb/v7e-m/fpv4-sp/hard\libc_nano.a(lib_a-init.o)
                              c:/st/stm32cubeide_1.1.0/stm32cubeide/plugins/com.st.stm32cube.ide.mcu.externaltools.gnu-tools-for-stm32.7-2018-q2-update.win32_1.4.0.202007081208/tools/bin/../lib/gcc/arm-none-eabi/7.3.1/../../../../arm-none-eabi/lib/thumb/v7e-m/fpv4-sp/hard/crt0.o (__libc_init_array)
c:/st/stm32cubeide_1.1.0/stm32cubeide/plugins/com.st.stm32cube.ide.mcu.externaltools.gnu-tools-for-stm32.7-2018-q2-update.win32_1.4.0.202007081208/tools/bin/../lib/gcc/arm-none-eabi/7.3.1/../../../../arm-none-eabi/lib/thumb/v7e-m/fpv4-sp/hard\libc_nano.a(lib_a-memset.o)
                              c:/st/stm32cubeide_1.1.0/stm32cubeide/plugins/com.st.stm32cube.ide.mcu.externaltools.gnu-tools-for-stm32.7-2018-q2-update.win32_1.4.0.202007081208/tools/bin/../lib/gcc/arm-none-eabi/7.3.1/../../../../arm-none-eabi/lib/thumb/v7e-m/fpv4-sp/hard/crt0.o (memset)
c:/st/stm32cubeide_1.1.0/stm32cubeide/plugins/com.st.stm32cube.ide.mcu.externaltools.gnu-tools-for-stm32.7-2018-q2-update.win32_1.4.0.202007081208/tools/bin/../lib/gcc/arm-none-eabi/7.3.1/thumb/v7e-m/fpv4-sp/hard\libgcc.a(_aeabi_ldivmod.o)
                              Drivers/STM32F4xx_HAL_Driver/Src/stm32f4xx_hal_rcc.o (__aeabi_ldivmod)
c:/st/stm32cubeide_1.1.0/stm32cubeide/plugins/com.st.stm32cube.ide.mcu.externaltools.gnu-tools-for-stm32.7-2018-q2-update.win32_1.4.0.202007081208/tools/bin/../lib/gcc/arm-none-eabi/7.3.1/thumb/v7e-m/fpv4-sp/hard\libgcc.a(_aeabi_uldivmod.o)
                              Drivers/STM32F4xx_HAL_Driver/Src/stm32f4xx_hal_rcc.o (__aeabi_uldivmod)
c:/st/stm32cubeide_1.1.0/stm32cubeide/plugins/com.st.stm32cube.ide.mcu.externaltools.gnu-tools-for-stm32.7-2018-q2-update.win32_1.4.0.202007081208/tools/bin/../lib/gcc/arm-none-eabi/7.3.1/thumb/v7e-m/fpv4-sp/hard\libgcc.a(_udivmoddi4.o)
                              c:/st/stm32cubeide_1.1.0/stm32cubeide/plugins/com.st.stm32cube.ide.mcu.externaltools.gnu-tools-for-stm32.7-2018-q2-update.win32_1.4.0.202007081208/tools/bin/../lib/gcc/arm-none-eabi/7.3.1/thumb/v7e-m/fpv4-sp/hard\libgcc.a(_aeabi_ldivmod.o) (__udivmoddi4)
c:/st/stm32cubeide_1.1.0/stm32cubeide/plugins/com.st.stm32cube.ide.mcu.externaltools.gnu-tools-for-stm32.7-2018-q2-update.win32_1.4.0.202007081208/tools/bin/../lib/gcc/arm-none-eabi/7.3.1/thumb/v7e-m/fpv4-sp/hard\libgcc.a(_dvmd_tls.o)
                              c:/st/stm32cubeide_1.1.0/stm32cubeide/plugins/com.st.stm32cube.ide.mcu.externaltools.gnu-tools-for-stm32.7-2018-q2-update.win32_1.4.0.202007081208/tools/bin/../lib/gcc/arm-none-eabi/7.3.1/thumb/v7e-m/fpv4-sp/hard\libgcc.a(_aeabi_ldivmod.o) (__aeabi_ldiv0)

Allocating common symbols
Common symbol       size              file

uwTick              0x4               Drivers/STM32F4xx_HAL_Driver/Src/stm32f4xx_hal.o
add_leds_buf2       0x962             Core/Src/main.o
pFlash              0x20              Drivers/STM32F4xx_HAL_Driver/Src/stm32f4xx_hal_flash.o
add_leds_buf1       0x962             Core/Src/main.o
hspi1               0x58              Core/Src/main.o
hdma_spi1_rx        0x60              Core/Src/main.o
hdma_spi1_tx        0x60              Core/Src/main.o

Discarded input sections

[...]
Memory Configuration

Name             Origin             Length             Attributes
CCMRAM           0x0000000010000000 0x0000000000010000 xrw
RAM              0x0000000020000000 0x0000000000020000 xrw
FLASH            0x0000000008000000 0x0000000000100000 xr
*default*        0x0000000000000000 0xffffffffffffffff

Linker script and memory map

LOAD c:/st/stm32cubeide_1.1.0/stm32cubeide/plugins/com.st.stm32cube.ide.mcu.externaltools.gnu-tools-for-stm32.7-2018-q2-update.win32_1.4.0.202007081208/tools/bin/../lib/gcc/arm-none-eabi/7.3.1/thumb/v7e-m/fpv4-sp/hard/crti.o
LOAD c:/st/stm32cubeide_1.1.0/stm32cubeide/plugins/com.st.stm32cube.ide.mcu.externaltools.gnu-tools-for-stm32.7-2018-q2-update.win32_1.4.0.202007081208/tools/bin/../lib/gcc/arm-none-eabi/7.3.1/thumb/v7e-m/fpv4-sp/hard/crtbegin.o
LOAD c:/st/stm32cubeide_1.1.0/stm32cubeide/plugins/com.st.stm32cube.ide.mcu.externaltools.gnu-tools-for-stm32.7-2018-q2-update.win32_1.4.0.202007081208/tools/bin/../lib/gcc/arm-none-eabi/7.3.1/../../../../arm-none-eabi/lib/thumb/v7e-m/fpv4-sp/hard/crt0.o
LOAD Core/Src/main.o
LOAD Core/Src/stm32f4xx_hal_msp.o
LOAD Core/Src/stm32f4xx_it.o
LOAD Core/Src/syscalls.o
LOAD Core/Src/sysmem.o
LOAD Core/Src/system_stm32f4xx.o
LOAD Core/Startup/startup_stm32f407vgtx.o
LOAD Drivers/STM32F4xx_HAL_Driver/Src/stm32f4xx_hal.o
LOAD Drivers/STM32F4xx_HAL_Driver/Src/stm32f4xx_hal_cortex.o
LOAD Drivers/STM32F4xx_HAL_Driver/Src/stm32f4xx_hal_dma.o
LOAD Drivers/STM32F4xx_HAL_Driver/Src/stm32f4xx_hal_dma_ex.o
LOAD Drivers/STM32F4xx_HAL_Driver/Src/stm32f4xx_hal_exti.o
LOAD Drivers/STM32F4xx_HAL_Driver/Src/stm32f4xx_hal_flash.o
LOAD Drivers/STM32F4xx_HAL_Driver/Src/stm32f4xx_hal_flash_ex.o
LOAD Drivers/STM32F4xx_HAL_Driver/Src/stm32f4xx_hal_flash_ramfunc.o
LOAD Drivers/STM32F4xx_HAL_Driver/Src/stm32f4xx_hal_gpio.o
LOAD Drivers/STM32F4xx_HAL_Driver/Src/stm32f4xx_hal_pwr.o
LOAD Drivers/STM32F4xx_HAL_Driver/Src/stm32f4xx_hal_pwr_ex.o
LOAD Drivers/STM32F4xx_HAL_Driver/Src/stm32f4xx_hal_rcc.o
LOAD Drivers/STM32F4xx_HAL_Driver/Src/stm32f4xx_hal_rcc_ex.o
LOAD Drivers/STM32F4xx_HAL_Driver/Src/stm32f4xx_hal_spi.o
LOAD Drivers/STM32F4xx_HAL_Driver/Src/stm32f4xx_hal_tim.o
LOAD Drivers/STM32F4xx_HAL_Driver/Src/stm32f4xx_hal_tim_ex.o
START GROUP
LOAD c:/st/stm32cubeide_1.1.0/stm32cubeide/plugins/com.st.stm32cube.ide.mcu.externaltools.gnu-tools-for-stm32.7-2018-q2-update.win32_1.4.0.202007081208/tools/bin/../lib/gcc/arm-none-eabi/7.3.1/../../../../arm-none-eabi/lib/thumb/v7e-m/fpv4-sp/hard\libc_nano.a
LOAD c:/st/stm32cubeide_1.1.0/stm32cubeide/plugins/com.st.stm32cube.ide.mcu.externaltools.gnu-tools-for-stm32.7-2018-q2-update.win32_1.4.0.202007081208/tools/bin/../lib/gcc/arm-none-eabi/7.3.1/../../../../arm-none-eabi/lib/thumb/v7e-m/fpv4-sp/hard\libm.a
END GROUP
START GROUP
LOAD c:/st/stm32cubeide_1.1.0/stm32cubeide/plugins/com.st.stm32cube.ide.mcu.externaltools.gnu-tools-for-stm32.7-2018-q2-update.win32_1.4.0.202007081208/tools/bin/../lib/gcc/arm-none-eabi/7.3.1/thumb/v7e-m/fpv4-sp/hard\libgcc.a
LOAD c:/st/stm32cubeide_1.1.0/stm32cubeide/plugins/com.st.stm32cube.ide.mcu.externaltools.gnu-tools-for-stm32.7-2018-q2-update.win32_1.4.0.202007081208/tools/bin/../lib/gcc/arm-none-eabi/7.3.1/../../../../arm-none-eabi/lib/thumb/v7e-m/fpv4-sp/hard\libc_nano.a
END GROUP
START GROUP
LOAD c:/st/stm32cubeide_1.1.0/stm32cubeide/plugins/com.st.stm32cube.ide.mcu.externaltools.gnu-tools-for-stm32.7-2018-q2-update.win32_1.4.0.202007081208/tools/bin/../lib/gcc/arm-none-eabi/7.3.1/thumb/v7e-m/fpv4-sp/hard\libgcc.a
LOAD c:/st/stm32cubeide_1.1.0/stm32cubeide/plugins/com.st.stm32cube.ide.mcu.externaltools.gnu-tools-for-stm32.7-2018-q2-update.win32_1.4.0.202007081208/tools/bin/../lib/gcc/arm-none-eabi/7.3.1/../../../../arm-none-eabi/lib/thumb/v7e-m/fpv4-sp/hard\libc_nano.a
LOAD c:/st/stm32cubeide_1.1.0/stm32cubeide/plugins/com.st.stm32cube.ide.mcu.externaltools.gnu-tools-for-stm32.7-2018-q2-update.win32_1.4.0.202007081208/tools/bin/../lib/gcc/arm-none-eabi/7.3.1/../../../../arm-none-eabi/lib/thumb/v7e-m/fpv4-sp/hard\libnosys.a
END GROUP
START GROUP
LOAD c:/st/stm32cubeide_1.1.0/stm32cubeide/plugins/com.st.stm32cube.ide.mcu.externaltools.gnu-tools-for-stm32.7-2018-q2-update.win32_1.4.0.202007081208/tools/bin/../lib/gcc/arm-none-eabi/7.3.1/thumb/v7e-m/fpv4-sp/hard\libgcc.a
LOAD c:/st/stm32cubeide_1.1.0/stm32cubeide/plugins/com.st.stm32cube.ide.mcu.externaltools.gnu-tools-for-stm32.7-2018-q2-update.win32_1.4.0.202007081208/tools/bin/../lib/gcc/arm-none-eabi/7.3.1/../../../../arm-none-eabi/lib/thumb/v7e-m/fpv4-sp/hard\libc_nano.a
LOAD c:/st/stm32cubeide_1.1.0/stm32cubeide/plugins/com.st.stm32cube.ide.mcu.externaltools.gnu-tools-for-stm32.7-2018-q2-update.win32_1.4.0.202007081208/tools/bin/../lib/gcc/arm-none-eabi/7.3.1/../../../../arm-none-eabi/lib/thumb/v7e-m/fpv4-sp/hard\libnosys.a
END GROUP
LOAD c:/st/stm32cubeide_1.1.0/stm32cubeide/plugins/com.st.stm32cube.ide.mcu.externaltools.gnu-tools-for-stm32.7-2018-q2-update.win32_1.4.0.202007081208/tools/bin/../lib/gcc/arm-none-eabi/7.3.1/thumb/v7e-m/fpv4-sp/hard/crtend.o
LOAD c:/st/stm32cubeide_1.1.0/stm32cubeide/plugins/com.st.stm32cube.ide.mcu.externaltools.gnu-tools-for-stm32.7-2018-q2-update.win32_1.4.0.202007081208/tools/bin/../lib/gcc/arm-none-eabi/7.3.1/thumb/v7e-m/fpv4-sp/hard/crtn.o
                0x0000000020020000                _estack = (ORIGIN (RAM) + LENGTH (RAM))
                0x0000000000000400                _Min_Heap_Size = 0x400
                0x0000000000000400                _Min_Stack_Size = 0x400

.isr_vector     0x0000000008000000      0x188
                0x0000000008000000                . = ALIGN (0x4)
 *(.isr_vector)
 .isr_vector    0x0000000008000000      0x188 Core/Startup/startup_stm32f407vgtx.o
                0x0000000008000000                g_pfnVectors
                0x0000000008000188                . = ALIGN (0x4)

.text           0x0000000008000188     0x1d3c
                0x0000000008000188                . = ALIGN (0x4)
 *(.text)
 .text          0x0000000008000188       0x40 c:/st/stm32cubeide_1.1.0/stm32cubeide/plugins/com.st.stm32cube.ide.mcu.externaltools.gnu-tools-for-stm32.7-2018-q2-update.win32_1.4.0.202007081208/tools/bin/../lib/gcc/arm-none-eabi/7.3.1/thumb/v7e-m/fpv4-sp/hard/crtbegin.o
 .text          0x00000000080001c8       0x30 c:/st/stm32cubeide_1.1.0/stm32cubeide/plugins/com.st.stm32cube.ide.mcu.externaltools.gnu-tools-for-stm32.7-2018-q2-update.win32_1.4.0.202007081208/tools/bin/../lib/gcc/arm-none-eabi/7.3.1/thumb/v7e-m/fpv4-sp/hard\libgcc.a(_aeabi_uldivmod.o)
                0x00000000080001c8                __aeabi_uldivmod
 .text          0x00000000080001f8      0x2cc c:/st/stm32cubeide_1.1.0/stm32cubeide/plugins/com.st.stm32cube.ide.mcu.externaltools.gnu-tools-for-stm32.7-2018-q2-update.win32_1.4.0.202007081208/tools/bin/../lib/gcc/arm-none-eabi/7.3.1/thumb/v7e-m/fpv4-sp/hard\libgcc.a(_udivmoddi4.o)
                0x00000000080001f8                __udivmoddi4
 .text          0x00000000080004c4        0x4 c:/st/stm32cubeide_1.1.0/stm32cubeide/plugins/com.st.stm32cube.ide.mcu.externaltools.gnu-tools-for-stm32.7-2018-q2-update.win32_1.4.0.202007081208/tools/bin/../lib/gcc/arm-none-eabi/7.3.1/thumb/v7e-m/fpv4-sp/hard\libgcc.a(_dvmd_tls.o)
                0x00000000080004c4                __aeabi_idiv0
                0x00000000080004c4                __aeabi_ldiv0
 *(.text*)
 .text.SystemClock_Config
                0x00000000080004c8       0x94 Core/Src/main.o
                0x00000000080004c8                SystemClock_Config
 .text.LED_SendData
                0x000000000800055c      0x104 Core/Src/main.o
                0x000000000800055c                LED_SendData
 .text.startup.main
                0x0000000008000660      0x38c Core/Src/main.o
                0x0000000008000660                main
 .text.TIM1_UPD_Servo_Set
                0x00000000080009ec      0x100 Core/Src/main.o
                0x00000000080009ec                TIM1_UPD_Servo_Set
 .text.HAL_SPI_RxCpltCallback
                0x0000000008000aec       0x2c Core/Src/main.o
                0x0000000008000aec                HAL_SPI_RxCpltCallback
 .text.Error_Handler
                0x0000000008000b18        0x4 Core/Src/main.o
                0x0000000008000b18                Error_Handler
 .text.HAL_MspInit
                0x0000000008000b1c       0x38 Core/Src/stm32f4xx_hal_msp.o
                0x0000000008000b1c                HAL_MspInit
 .text.HAL_SPI_MspInit
                0x0000000008000b54       0xe8 Core/Src/stm32f4xx_hal_msp.o
                0x0000000008000b54                HAL_SPI_MspInit
 .text.NMI_Handler
                0x0000000008000c3c        0x4 Core/Src/stm32f4xx_it.o
                0x0000000008000c3c                NMI_Handler
 .text.HardFault_Handler
                0x0000000008000c40        0x4 Core/Src/stm32f4xx_it.o
                0x0000000008000c40                HardFault_Handler
 .text.MemManage_Handler
                0x0000000008000c44        0x4 Core/Src/stm32f4xx_it.o
                0x0000000008000c44                MemManage_Handler
 .text.BusFault_Handler
                0x0000000008000c48        0x4 Core/Src/stm32f4xx_it.o
                0x0000000008000c48                BusFault_Handler
 .text.UsageFault_Handler
                0x0000000008000c4c        0x4 Core/Src/stm32f4xx_it.o
                0x0000000008000c4c                UsageFault_Handler
 .text.SVC_Handler
                0x0000000008000c50        0x4 Core/Src/stm32f4xx_it.o
                0x0000000008000c50                SVC_Handler
 .text.DebugMon_Handler
                0x0000000008000c54        0x4 Core/Src/stm32f4xx_it.o
                0x0000000008000c54                DebugMon_Handler
 .text.PendSV_Handler
                0x0000000008000c58        0x4 Core/Src/stm32f4xx_it.o
                0x0000000008000c58                PendSV_Handler
 .text.SysTick_Handler
                0x0000000008000c5c        0x4 Core/Src/stm32f4xx_it.o
                0x0000000008000c5c                SysTick_Handler
 .text.DMA2_Stream0_IRQHandler
                0x0000000008000c60        0xc Core/Src/stm32f4xx_it.o
                0x0000000008000c60                DMA2_Stream0_IRQHandler
 .text.DMA2_Stream3_IRQHandler
                0x0000000008000c6c        0xc Core/Src/stm32f4xx_it.o
                0x0000000008000c6c                DMA2_Stream3_IRQHandler
 .text.TIM1_UP_TIM10_IRQHandler
                0x0000000008000c78       0x1c Core/Src/stm32f4xx_it.o
                0x0000000008000c78                TIM1_UP_TIM10_IRQHandler
 .text.TIM4_IRQHandler
                0x0000000008000c94       0x18 Core/Src/stm32f4xx_it.o
                0x0000000008000c94                TIM4_IRQHandler
 .text.SystemInit
                0x0000000008000cac       0x1c Core/Src/system_stm32f4xx.o
                0x0000000008000cac                SystemInit
 .text.Reset_Handler
                0x0000000008000cc8       0x50 Core/Startup/startup_stm32f407vgtx.o
                0x0000000008000cc8                Reset_Handler
 .text.Default_Handler
                0x0000000008000d18        0x2 Core/Startup/startup_stm32f407vgtx.o
                0x0000000008000d18                RTC_Alarm_IRQHandler
                0x0000000008000d18                HASH_RNG_IRQHandler
                0x0000000008000d18                EXTI2_IRQHandler
                0x0000000008000d18                TIM8_CC_IRQHandler
                0x0000000008000d18                TIM1_CC_IRQHandler
                0x0000000008000d18                DMA2_Stream5_IRQHandler
                0x0000000008000d18                DMA1_Stream5_IRQHandler
                0x0000000008000d18                PVD_IRQHandler
                0x0000000008000d18                SDIO_IRQHandler
                0x0000000008000d18                TAMP_STAMP_IRQHandler
                0x0000000008000d18                CAN2_RX1_IRQHandler
                0x0000000008000d18                EXTI3_IRQHandler
                0x0000000008000d18                TIM8_TRG_COM_TIM14_IRQHandler
                0x0000000008000d18                TIM8_UP_TIM13_IRQHandler
                0x0000000008000d18                I2C3_ER_IRQHandler
                0x0000000008000d18                EXTI0_IRQHandler
                0x0000000008000d18                I2C2_EV_IRQHandler
                0x0000000008000d18                DMA1_Stream2_IRQHandler
                0x0000000008000d18                CAN1_RX0_IRQHandler
                0x0000000008000d18                FPU_IRQHandler
                0x0000000008000d18                OTG_HS_WKUP_IRQHandler
                0x0000000008000d18                CAN2_SCE_IRQHandler
                0x0000000008000d18                DMA2_Stream2_IRQHandler
                0x0000000008000d18                SPI1_IRQHandler
                0x0000000008000d18                TIM6_DAC_IRQHandler
                0x0000000008000d18                TIM1_BRK_TIM9_IRQHandler
                0x0000000008000d18                DCMI_IRQHandler
                0x0000000008000d18                CAN2_RX0_IRQHandler
                0x0000000008000d18                USART6_IRQHandler
                0x0000000008000d18                USART3_IRQHandler
                0x0000000008000d18                CAN1_RX1_IRQHandler
                0x0000000008000d18                UART5_IRQHandler
                0x0000000008000d18                I2C1_EV_IRQHandler
                0x0000000008000d18                DMA1_Stream6_IRQHandler
                0x0000000008000d18                DMA1_Stream1_IRQHandler
                0x0000000008000d18                UART4_IRQHandler
                0x0000000008000d18                TIM3_IRQHandler
                0x0000000008000d18                RCC_IRQHandler
                0x0000000008000d18                TIM8_BRK_TIM12_IRQHandler
                0x0000000008000d18                Default_Handler
                0x0000000008000d18                EXTI15_10_IRQHandler
                0x0000000008000d18                ADC_IRQHandler
                0x0000000008000d18                DMA1_Stream7_IRQHandler
                0x0000000008000d18                TIM7_IRQHandler
                0x0000000008000d18                CAN2_TX_IRQHandler
                0x0000000008000d18                TIM5_IRQHandler
                0x0000000008000d18                DMA2_Stream7_IRQHandler
                0x0000000008000d18                I2C3_EV_IRQHandler
                0x0000000008000d18                EXTI9_5_IRQHandler
                0x0000000008000d18                RTC_WKUP_IRQHandler
                0x0000000008000d18                ETH_WKUP_IRQHandler
                0x0000000008000d18                SPI2_IRQHandler
                0x0000000008000d18                OTG_HS_EP1_IN_IRQHandler
                0x0000000008000d18                DMA1_Stream0_IRQHandler
                0x0000000008000d18                CAN1_TX_IRQHandler
                0x0000000008000d18                EXTI4_IRQHandler
                0x0000000008000d18                FSMC_IRQHandler
                0x0000000008000d18                ETH_IRQHandler
                0x0000000008000d18                OTG_HS_EP1_OUT_IRQHandler
                0x0000000008000d18                WWDG_IRQHandler
                0x0000000008000d18                TIM2_IRQHandler
                0x0000000008000d18                OTG_FS_WKUP_IRQHandler
                0x0000000008000d18                TIM1_TRG_COM_TIM11_IRQHandler
                0x0000000008000d18                OTG_HS_IRQHandler
                0x0000000008000d18                EXTI1_IRQHandler
                0x0000000008000d18                USART2_IRQHandler
                0x0000000008000d18                I2C2_ER_IRQHandler
                0x0000000008000d18                DMA2_Stream1_IRQHandler
                0x0000000008000d18                CAN1_SCE_IRQHandler
                0x0000000008000d18                FLASH_IRQHandler
                0x0000000008000d18                DMA2_Stream4_IRQHandler
                0x0000000008000d18                USART1_IRQHandler
                0x0000000008000d18                OTG_FS_IRQHandler
                0x0000000008000d18                SPI3_IRQHandler
                0x0000000008000d18                DMA1_Stream4_IRQHandler
                0x0000000008000d18                I2C1_ER_IRQHandler
                0x0000000008000d18                DMA2_Stream6_IRQHandler
                0x0000000008000d18                DMA1_Stream3_IRQHandler
 *fill*         0x0000000008000d1a        0x2 
 .text.HAL_InitTick
                0x0000000008000d1c       0x48 Drivers/STM32F4xx_HAL_Driver/Src/stm32f4xx_hal.o
                0x0000000008000d1c                HAL_InitTick
 .text.HAL_Init
                0x0000000008000d64       0x34 Drivers/STM32F4xx_HAL_Driver/Src/stm32f4xx_hal.o
                0x0000000008000d64                HAL_Init
 .text.HAL_IncTick
                0x0000000008000d98       0x18 Drivers/STM32F4xx_HAL_Driver/Src/stm32f4xx_hal.o
                0x0000000008000d98                HAL_IncTick
 .text.HAL_GetTick
                0x0000000008000db0        0xc Drivers/STM32F4xx_HAL_Driver/Src/stm32f4xx_hal.o
                0x0000000008000db0                HAL_GetTick
 .text.HAL_Delay
                0x0000000008000dbc       0x24 Drivers/STM32F4xx_HAL_Driver/Src/stm32f4xx_hal.o
                0x0000000008000dbc                HAL_Delay
 .text.HAL_NVIC_SetPriorityGrouping
                0x0000000008000de0       0x24 Drivers/STM32F4xx_HAL_Driver/Src/stm32f4xx_hal_cortex.o
                0x0000000008000de0                HAL_NVIC_SetPriorityGrouping
 .text.HAL_NVIC_SetPriority
                0x0000000008000e04       0x6c Drivers/STM32F4xx_HAL_Driver/Src/stm32f4xx_hal_cortex.o
                0x0000000008000e04                HAL_NVIC_SetPriority
 .text.HAL_NVIC_EnableIRQ
                0x0000000008000e70       0x1c Drivers/STM32F4xx_HAL_Driver/Src/stm32f4xx_hal_cortex.o
                0x0000000008000e70                HAL_NVIC_EnableIRQ
 .text.HAL_SYSTICK_Config
                0x0000000008000e8c       0x34 Drivers/STM32F4xx_HAL_Driver/Src/stm32f4xx_hal_cortex.o
                0x0000000008000e8c                HAL_SYSTICK_Config
 .text.HAL_DMA_Init
                0x0000000008000ec0      0x134 Drivers/STM32F4xx_HAL_Driver/Src/stm32f4xx_hal_dma.o
                0x0000000008000ec0                HAL_DMA_Init
 .text.HAL_DMA_Start_IT
                0x0000000008000ff4       0x7c Drivers/STM32F4xx_HAL_Driver/Src/stm32f4xx_hal_dma.o
                0x0000000008000ff4                HAL_DMA_Start_IT
 .text.HAL_DMA_IRQHandler
                0x0000000008001070      0x1ac Drivers/STM32F4xx_HAL_Driver/Src/stm32f4xx_hal_dma.o
                0x0000000008001070                HAL_DMA_IRQHandler
 .text.HAL_GPIO_Init
                0x000000000800121c      0x208 Drivers/STM32F4xx_HAL_Driver/Src/stm32f4xx_hal_gpio.o
                0x000000000800121c                HAL_GPIO_Init
 .text.HAL_GPIO_ReadPin
                0x0000000008001424        0xc Drivers/STM32F4xx_HAL_Driver/Src/stm32f4xx_hal_gpio.o
                0x0000000008001424                HAL_GPIO_ReadPin
 .text.HAL_RCC_OscConfig
                0x0000000008001430      0x3bc Drivers/STM32F4xx_HAL_Driver/Src/stm32f4xx_hal_rcc.o
                0x0000000008001430                HAL_RCC_OscConfig
 .text.HAL_RCC_GetSysClockFreq
                0x00000000080017ec       0x6c Drivers/STM32F4xx_HAL_Driver/Src/stm32f4xx_hal_rcc.o
                0x00000000080017ec                HAL_RCC_GetSysClockFreq
 .text.HAL_RCC_ClockConfig
                0x0000000008001858      0x13c Drivers/STM32F4xx_HAL_Driver/Src/stm32f4xx_hal_rcc.o
                0x0000000008001858                HAL_RCC_ClockConfig
 .text.SPI_WaitFlagStateUntilTimeout.constprop.7
                0x0000000008001994       0x84 Drivers/STM32F4xx_HAL_Driver/Src/stm32f4xx_hal_spi.o
 .text.SPI_EndRxTransaction
                0x0000000008001a18       0x68 Drivers/STM32F4xx_HAL_Driver/Src/stm32f4xx_hal_spi.o
 .text.SPI_EndRxTxTransaction
                0x0000000008001a80       0x64 Drivers/STM32F4xx_HAL_Driver/Src/stm32f4xx_hal_spi.o
 .text.HAL_SPI_Init
                0x0000000008001ae4       0x80 Drivers/STM32F4xx_HAL_Driver/Src/stm32f4xx_hal_spi.o
                0x0000000008001ae4                HAL_SPI_Init
 .text.HAL_SPI_TransmitReceive_DMA
                0x0000000008001b64      0x108 Drivers/STM32F4xx_HAL_Driver/Src/stm32f4xx_hal_spi.o
                0x0000000008001b64                HAL_SPI_TransmitReceive_DMA
 .text.HAL_SPI_Receive_DMA
                0x0000000008001c6c       0xd8 Drivers/STM32F4xx_HAL_Driver/Src/stm32f4xx_hal_spi.o
                0x0000000008001c6c                HAL_SPI_Receive_DMA
 .text.HAL_SPI_TxRxCpltCallback
                0x0000000008001d44        0x4 Drivers/STM32F4xx_HAL_Driver/Src/stm32f4xx_hal_spi.o
                0x0000000008001d44                HAL_SPI_TxRxCpltCallback
 .text.HAL_SPI_RxHalfCpltCallback
                0x0000000008001d48        0x4 Drivers/STM32F4xx_HAL_Driver/Src/stm32f4xx_hal_spi.o
                0x0000000008001d48                HAL_SPI_RxHalfCpltCallback
 .text.SPI_DMAHalfReceiveCplt
                0x0000000008001d4c        0xc Drivers/STM32F4xx_HAL_Driver/Src/stm32f4xx_hal_spi.o
 .text.HAL_SPI_TxRxHalfCpltCallback
                0x0000000008001d58        0x4 Drivers/STM32F4xx_HAL_Driver/Src/stm32f4xx_hal_spi.o
                0x0000000008001d58                HAL_SPI_TxRxHalfCpltCallback
 .text.SPI_DMAHalfTransmitReceiveCplt
                0x0000000008001d5c        0xc Drivers/STM32F4xx_HAL_Driver/Src/stm32f4xx_hal_spi.o
 .text.HAL_SPI_ErrorCallback
                0x0000000008001d68        0x4 Drivers/STM32F4xx_HAL_Driver/Src/stm32f4xx_hal_spi.o
                0x0000000008001d68                HAL_SPI_ErrorCallback
 .text.SPI_DMAError
                0x0000000008001d6c       0x24 Drivers/STM32F4xx_HAL_Driver/Src/stm32f4xx_hal_spi.o
 .text.SPI_DMAReceiveCplt
                0x0000000008001d90       0x68 Drivers/STM32F4xx_HAL_Driver/Src/stm32f4xx_hal_spi.o
 .text.SPI_DMATransmitReceiveCplt
                0x0000000008001df8       0x5c Drivers/STM32F4xx_HAL_Driver/Src/stm32f4xx_hal_spi.o
 .text.__libc_init_array
                0x0000000008001e54       0x48 c:/st/stm32cubeide_1.1.0/stm32cubeide/plugins/com.st.stm32cube.ide.mcu.externaltools.gnu-tools-for-stm32.7-2018-q2-update.win32_1.4.0.202007081208/tools/bin/../lib/gcc/arm-none-eabi/7.3.1/../../../../arm-none-eabi/lib/thumb/v7e-m/fpv4-sp/hard\libc_nano.a(lib_a-init.o)
                0x0000000008001e54                __libc_init_array
 .text.memset   0x0000000008001e9c       0x10 c:/st/stm32cubeide_1.1.0/stm32cubeide/plugins/com.st.stm32cube.ide.mcu.externaltools.gnu-tools-for-stm32.7-2018-q2-update.win32_1.4.0.202007081208/tools/bin/../lib/gcc/arm-none-eabi/7.3.1/../../../../arm-none-eabi/lib/thumb/v7e-m/fpv4-sp/hard\libc_nano.a(lib_a-memset.o)
                0x0000000008001e9c                memset
 *(.glue_7)
 .glue_7        0x0000000008001eac        0x0 linker stubs
 *(.glue_7t)
 .glue_7t       0x0000000008001eac        0x0 linker stubs
 *(.eh_frame)
 .eh_frame      0x0000000008001eac        0x0 c:/st/stm32cubeide_1.1.0/stm32cubeide/plugins/com.st.stm32cube.ide.mcu.externaltools.gnu-tools-for-stm32.7-2018-q2-update.win32_1.4.0.202007081208/tools/bin/../lib/gcc/arm-none-eabi/7.3.1/thumb/v7e-m/fpv4-sp/hard/crtbegin.o
 *(.init)
 .init          0x0000000008001eac        0x4 c:/st/stm32cubeide_1.1.0/stm32cubeide/plugins/com.st.stm32cube.ide.mcu.externaltools.gnu-tools-for-stm32.7-2018-q2-update.win32_1.4.0.202007081208/tools/bin/../lib/gcc/arm-none-eabi/7.3.1/thumb/v7e-m/fpv4-sp/hard/crti.o
                0x0000000008001eac                _init
 .init          0x0000000008001eb0        0x8 c:/st/stm32cubeide_1.1.0/stm32cubeide/plugins/com.st.stm32cube.ide.mcu.externaltools.gnu-tools-for-stm32.7-2018-q2-update.win32_1.4.0.202007081208/tools/bin/../lib/gcc/arm-none-eabi/7.3.1/thumb/v7e-m/fpv4-sp/hard/crtn.o
 *(.fini)
 .fini          0x0000000008001eb8        0x4 c:/st/stm32cubeide_1.1.0/stm32cubeide/plugins/com.st.stm32cube.ide.mcu.externaltools.gnu-tools-for-stm32.7-2018-q2-update.win32_1.4.0.202007081208/tools/bin/../lib/gcc/arm-none-eabi/7.3.1/thumb/v7e-m/fpv4-sp/hard/crti.o
                0x0000000008001eb8                _fini
 .fini          0x0000000008001ebc        0x8 c:/st/stm32cubeide_1.1.0/stm32cubeide/plugins/com.st.stm32cube.ide.mcu.externaltools.gnu-tools-for-stm32.7-2018-q2-update.win32_1.4.0.202007081208/tools/bin/../lib/gcc/arm-none-eabi/7.3.1/thumb/v7e-m/fpv4-sp/hard/crtn.o
                0x0000000008001ec4                . = ALIGN (0x4)
                0x0000000008001ec4                _etext = .

.vfp11_veneer   0x0000000008001ec4        0x0
 .vfp11_veneer  0x0000000008001ec4        0x0 linker stubs

.v4_bx          0x0000000008001ec4        0x0
 .v4_bx         0x0000000008001ec4        0x0 linker stubs

.iplt           0x0000000008001ec4        0x0
 .iplt          0x0000000008001ec4        0x0 c:/st/stm32cubeide_1.1.0/stm32cubeide/plugins/com.st.stm32cube.ide.mcu.externaltools.gnu-tools-for-stm32.7-2018-q2-update.win32_1.4.0.202007081208/tools/bin/../lib/gcc/arm-none-eabi/7.3.1/thumb/v7e-m/fpv4-sp/hard/crtbegin.o

.rodata         0x0000000008001ec4       0x18
                0x0000000008001ec4                . = ALIGN (0x4)
 *(.rodata)
 *(.rodata*)
 .rodata.AHBPrescTable
                0x0000000008001ec4       0x10 Core/Src/system_stm32f4xx.o
                0x0000000008001ec4                AHBPrescTable
 .rodata.flagBitshiftOffset.7622
                0x0000000008001ed4        0x8 Drivers/STM32F4xx_HAL_Driver/Src/stm32f4xx_hal_dma.o
                0x0000000008001edc                . = ALIGN (0x4)

.ARM.extab      0x0000000008001edc        0x0
                0x0000000008001edc                . = ALIGN (0x4)
 *(.ARM.extab* .gnu.linkonce.armextab.*)
                0x0000000008001edc                . = ALIGN (0x4)

.ARM            0x0000000008001edc        0x8
                0x0000000008001edc                . = ALIGN (0x4)
                0x0000000008001edc                __exidx_start = .
 *(.ARM.exidx*)
 .ARM.exidx     0x0000000008001edc        0x8 c:/st/stm32cubeide_1.1.0/stm32cubeide/plugins/com.st.stm32cube.ide.mcu.externaltools.gnu-tools-for-stm32.7-2018-q2-update.win32_1.4.0.202007081208/tools/bin/../lib/gcc/arm-none-eabi/7.3.1/thumb/v7e-m/fpv4-sp/hard\libgcc.a(_udivmoddi4.o)
                0x0000000008001ee4                __exidx_end = .
                0x0000000008001ee4                . = ALIGN (0x4)

.rel.dyn        0x0000000008001ee4        0x0
 .rel.iplt      0x0000000008001ee4        0x0 c:/st/stm32cubeide_1.1.0/stm32cubeide/plugins/com.st.stm32cube.ide.mcu.externaltools.gnu-tools-for-stm32.7-2018-q2-update.win32_1.4.0.202007081208/tools/bin/../lib/gcc/arm-none-eabi/7.3.1/thumb/v7e-m/fpv4-sp/hard/crtbegin.o

.preinit_array  0x0000000008001ee4        0x0
                0x0000000008001ee4                . = ALIGN (0x4)
                0x0000000008001ee4                PROVIDE (__preinit_array_start = .)
 *(.preinit_array*)
                0x0000000008001ee4                PROVIDE (__preinit_array_end = .)
                0x0000000008001ee4                . = ALIGN (0x4)

.init_array     0x0000000008001ee4        0x4
                0x0000000008001ee4                . = ALIGN (0x4)
                0x0000000008001ee4                PROVIDE (__init_array_start = .)
 *(SORT_BY_NAME(.init_array.*))
 *(.init_array*)
 .init_array    0x0000000008001ee4        0x4 c:/st/stm32cubeide_1.1.0/stm32cubeide/plugins/com.st.stm32cube.ide.mcu.externaltools.gnu-tools-for-stm32.7-2018-q2-update.win32_1.4.0.202007081208/tools/bin/../lib/gcc/arm-none-eabi/7.3.1/thumb/v7e-m/fpv4-sp/hard/crtbegin.o
                0x0000000008001ee8                PROVIDE (__init_array_end = .)
                0x0000000008001ee8                . = ALIGN (0x4)

.fini_array     0x0000000008001ee8        0x4
                0x0000000008001ee8                . = ALIGN (0x4)
                [!provide]                        PROVIDE (__fini_array_start = .)
 *(SORT_BY_NAME(.fini_array.*))
 *(.fini_array*)
 .fini_array    0x0000000008001ee8        0x4 c:/st/stm32cubeide_1.1.0/stm32cubeide/plugins/com.st.stm32cube.ide.mcu.externaltools.gnu-tools-for-stm32.7-2018-q2-update.win32_1.4.0.202007081208/tools/bin/../lib/gcc/arm-none-eabi/7.3.1/thumb/v7e-m/fpv4-sp/hard/crtbegin.o
                [!provide]                        PROVIDE (__fini_array_end = .)
                0x0000000008001eec                . = ALIGN (0x4)
                0x0000000008001eec                _sidata = LOADADDR (.data)

.data           0x0000000020000000       0x40 load address 0x0000000008001eec
                0x0000000020000000                . = ALIGN (0x4)
                0x0000000020000000                _sdata = .
 *(.data)
 *(.data*)
 .data.local    0x0000000020000000       0x30 Core/Src/main.o
 .data.p4State1
                0x0000000020000030        0x1 Core/Src/main.o
                0x0000000020000030                p4State1
 .data.pState1  0x0000000020000031        0x1 Core/Src/main.o
                0x0000000020000031                pState1
 *fill*         0x0000000020000032        0x2 
 .data.SystemCoreClock
                0x0000000020000034        0x4 Core/Src/system_stm32f4xx.o
                0x0000000020000034                SystemCoreClock
 .data.uwTickFreq
                0x0000000020000038        0x1 Drivers/STM32F4xx_HAL_Driver/Src/stm32f4xx_hal.o
                0x0000000020000038                uwTickFreq
 *fill*         0x0000000020000039        0x3 
 .data.uwTickPrio
                0x000000002000003c        0x4 Drivers/STM32F4xx_HAL_Driver/Src/stm32f4xx_hal.o
                0x000000002000003c                uwTickPrio
                0x0000000020000040                . = ALIGN (0x4)
                0x0000000020000040                _edata = .

.igot.plt       0x0000000020000040        0x0 load address 0x0000000008001f2c
 .igot.plt      0x0000000020000040        0x0 c:/st/stm32cubeide_1.1.0/stm32cubeide/plugins/com.st.stm32cube.ide.mcu.externaltools.gnu-tools-for-stm32.7-2018-q2-update.win32_1.4.0.202007081208/tools/bin/../lib/gcc/arm-none-eabi/7.3.1/thumb/v7e-m/fpv4-sp/hard/crtbegin.o
                0x0000000020000040                . = ALIGN (0x4)

.bss            0x0000000020000040     0x1404 load address 0x0000000008001f2c
                0x0000000020000040                _sbss = .
                0x0000000020000040                __bss_start__ = _sbss
 *(.bss)
 .bss           0x0000000020000040       0x1c c:/st/stm32cubeide_1.1.0/stm32cubeide/plugins/com.st.stm32cube.ide.mcu.externaltools.gnu-tools-for-stm32.7-2018-q2-update.win32_1.4.0.202007081208/tools/bin/../lib/gcc/arm-none-eabi/7.3.1/thumb/v7e-m/fpv4-sp/hard/crtbegin.o
 *(.bss*)
 .bss.p4State0  0x000000002000005c        0x1 Core/Src/main.o
                0x000000002000005c                p4State0
 .bss.pState0   0x000000002000005d        0x1 Core/Src/main.o
                0x000000002000005d                pState0
 *(COMMON)
 *fill*         0x000000002000005e        0x2 
 COMMON         0x0000000020000060     0x13e0 Core/Src/main.o
                0x0000000020000060                add_leds_buf2
                0x00000000200009c4                add_leds_buf1
                0x0000000020001328                hspi1
                0x0000000020001380                hdma_spi1_rx
                0x00000000200013e0                hdma_spi1_tx
 COMMON         0x0000000020001440        0x4 Drivers/STM32F4xx_HAL_Driver/Src/stm32f4xx_hal.o
                0x0000000020001440                uwTick
                0x0000000020001444                . = ALIGN (0x4)
                0x0000000020001444                _ebss = .
                0x0000000020001444                __bss_end__ = _ebss

._user_heap_stack
                0x0000000020001444      0x804 load address 0x0000000008001f2c
                0x0000000020001448                . = ALIGN (0x8)
 *fill*         0x0000000020001444        0x4 
                [!provide]                        PROVIDE (end = .)
                0x0000000020001448                PROVIDE (_end = .)
                0x0000000020001848                . = (. + _Min_Heap_Size)
 *fill*         0x0000000020001448      0x400 
                0x0000000020001c48                . = (. + _Min_Stack_Size)
 *fill*         0x0000000020001848      0x400 
                0x0000000020001c48                . = ALIGN (0x8)

/DISCARD/
 libc.a(*)
 libm.a(*)
 libgcc.a(*)

.ARM.attributes
                0x0000000000000000       0x30
 *(.ARM.attributes)
 .ARM.attributes
                0x0000000000000000       0x22 c:/st/stm32cubeide_1.1.0/stm32cubeide/plugins/com.st.stm32cube.ide.mcu.externaltools.gnu-tools-for-stm32.7-2018-q2-update.win32_1.4.0.202007081208/tools/bin/../lib/gcc/arm-none-eabi/7.3.1/thumb/v7e-m/fpv4-sp/hard/crti.o
 .ARM.attributes
                0x0000000000000022       0x34 c:/st/stm32cubeide_1.1.0/stm32cubeide/plugins/com.st.stm32cube.ide.mcu.externaltools.gnu-tools-for-stm32.7-2018-q2-update.win32_1.4.0.202007081208/tools/bin/../lib/gcc/arm-none-eabi/7.3.1/thumb/v7e-m/fpv4-sp/hard/crtbegin.o
 .ARM.attributes
                0x0000000000000056       0x39 Core/Src/main.o
 .ARM.attributes
                0x000000000000008f       0x39 Core/Src/stm32f4xx_hal_msp.o
 .ARM.attributes
                0x00000000000000c8       0x39 Core/Src/stm32f4xx_it.o
 .ARM.attributes
                0x0000000000000101       0x39 Core/Src/system_stm32f4xx.o
 .ARM.attributes
                0x000000000000013a       0x21 Core/Startup/startup_stm32f407vgtx.o
 .ARM.attributes
                0x000000000000015b       0x39 Drivers/STM32F4xx_HAL_Driver/Src/stm32f4xx_hal.o
 .ARM.attributes
                0x0000000000000194       0x39 Drivers/STM32F4xx_HAL_Driver/Src/stm32f4xx_hal_cortex.o
 .ARM.attributes
                0x00000000000001cd       0x39 Drivers/STM32F4xx_HAL_Driver/Src/stm32f4xx_hal_dma.o
 .ARM.attributes
                0x0000000000000206       0x39 Drivers/STM32F4xx_HAL_Driver/Src/stm32f4xx_hal_gpio.o
 .ARM.attributes
                0x000000000000023f       0x39 Drivers/STM32F4xx_HAL_Driver/Src/stm32f4xx_hal_rcc.o
 .ARM.attributes
                0x0000000000000278       0x39 Drivers/STM32F4xx_HAL_Driver/Src/stm32f4xx_hal_spi.o
 .ARM.attributes
                0x00000000000002b1       0x34 c:/st/stm32cubeide_1.1.0/stm32cubeide/plugins/com.st.stm32cube.ide.mcu.externaltools.gnu-tools-for-stm32.7-2018-q2-update.win32_1.4.0.202007081208/tools/bin/../lib/gcc/arm-none-eabi/7.3.1/../../../../arm-none-eabi/lib/thumb/v7e-m/fpv4-sp/hard\libc_nano.a(lib_a-init.o)
 .ARM.attributes
                0x00000000000002e5       0x34 c:/st/stm32cubeide_1.1.0/stm32cubeide/plugins/com.st.stm32cube.ide.mcu.externaltools.gnu-tools-for-stm32.7-2018-q2-update.win32_1.4.0.202007081208/tools/bin/../lib/gcc/arm-none-eabi/7.3.1/../../../../arm-none-eabi/lib/thumb/v7e-m/fpv4-sp/hard\libc_nano.a(lib_a-memset.o)
 .ARM.attributes
                0x0000000000000319       0x22 c:/st/stm32cubeide_1.1.0/stm32cubeide/plugins/com.st.stm32cube.ide.mcu.externaltools.gnu-tools-for-stm32.7-2018-q2-update.win32_1.4.0.202007081208/tools/bin/../lib/gcc/arm-none-eabi/7.3.1/thumb/v7e-m/fpv4-sp/hard\libgcc.a(_aeabi_uldivmod.o)
 .ARM.attributes
                0x000000000000033b       0x34 c:/st/stm32cubeide_1.1.0/stm32cubeide/plugins/com.st.stm32cube.ide.mcu.externaltools.gnu-tools-for-stm32.7-2018-q2-update.win32_1.4.0.202007081208/tools/bin/../lib/gcc/arm-none-eabi/7.3.1/thumb/v7e-m/fpv4-sp/hard\libgcc.a(_udivmoddi4.o)
 .ARM.attributes
                0x000000000000036f       0x22 c:/st/stm32cubeide_1.1.0/stm32cubeide/plugins/com.st.stm32cube.ide.mcu.externaltools.gnu-tools-for-stm32.7-2018-q2-update.win32_1.4.0.202007081208/tools/bin/../lib/gcc/arm-none-eabi/7.3.1/thumb/v7e-m/fpv4-sp/hard\libgcc.a(_dvmd_tls.o)
 .ARM.attributes
                0x0000000000000391       0x22 c:/st/stm32cubeide_1.1.0/stm32cubeide/plugins/com.st.stm32cube.ide.mcu.externaltools.gnu-tools-for-stm32.7-2018-q2-update.win32_1.4.0.202007081208/tools/bin/../lib/gcc/arm-none-eabi/7.3.1/thumb/v7e-m/fpv4-sp/hard/crtn.o
OUTPUT(adr_leds_stm32f407.elf elf32-littlearm)

.debug_info     0x0000000000000000     0x9972
 .debug_info    0x0000000000000000     0x1e12 Core/Src/main.o
 .debug_info    0x0000000000001e12     0x12bb Core/Src/stm32f4xx_hal_msp.o
 .debug_info    0x00000000000030cd      0xe39 Core/Src/stm32f4xx_it.o
 .debug_info    0x0000000000003f06      0x559 Core/Src/system_stm32f4xx.o
 .debug_info    0x000000000000445f       0x22 Core/Startup/startup_stm32f407vgtx.o
 .debug_info    0x0000000000004481      0xa19 Drivers/STM32F4xx_HAL_Driver/Src/stm32f4xx_hal.o
 .debug_info    0x0000000000004e9a      0xf8a Drivers/STM32F4xx_HAL_Driver/Src/stm32f4xx_hal_cortex.o
 .debug_info    0x0000000000005e24      0xac2 Drivers/STM32F4xx_HAL_Driver/Src/stm32f4xx_hal_dma.o
 .debug_info    0x00000000000068e6      0x7c7 Drivers/STM32F4xx_HAL_Driver/Src/stm32f4xx_hal_gpio.o
 .debug_info    0x00000000000070ad      0xad0 Drivers/STM32F4xx_HAL_Driver/Src/stm32f4xx_hal_rcc.o
 .debug_info    0x0000000000007b7d     0x1df5 Drivers/STM32F4xx_HAL_Driver/Src/stm32f4xx_hal_spi.o

.debug_abbrev   0x0000000000000000     0x1a47
 .debug_abbrev  0x0000000000000000      0x415 Core/Src/main.o
 .debug_abbrev  0x0000000000000415      0x233 Core/Src/stm32f4xx_hal_msp.o
 .debug_abbrev  0x0000000000000648      0x22d Core/Src/stm32f4xx_it.o
 .debug_abbrev  0x0000000000000875      0x12b Core/Src/system_stm32f4xx.o
 .debug_abbrev  0x00000000000009a0       0x12 Core/Startup/startup_stm32f407vgtx.o
 .debug_abbrev  0x00000000000009b2      0x240 Drivers/STM32F4xx_HAL_Driver/Src/stm32f4xx_hal.o
 .debug_abbrev  0x0000000000000bf2      0x320 Drivers/STM32F4xx_HAL_Driver/Src/stm32f4xx_hal_cortex.o
 .debug_abbrev  0x0000000000000f12      0x308 Drivers/STM32F4xx_HAL_Driver/Src/stm32f4xx_hal_dma.o
 .debug_abbrev  0x000000000000121a      0x1f4 Drivers/STM32F4xx_HAL_Driver/Src/stm32f4xx_hal_gpio.o
 .debug_abbrev  0x000000000000140e      0x2c3 Drivers/STM32F4xx_HAL_Driver/Src/stm32f4xx_hal_rcc.o
 .debug_abbrev  0x00000000000016d1      0x376 Drivers/STM32F4xx_HAL_Driver/Src/stm32f4xx_hal_spi.o

.debug_loc      0x0000000000000000     0x3505
 .debug_loc     0x0000000000000000       0xa9 Core/Src/main.o
 .debug_loc     0x00000000000000a9       0x4a Core/Src/stm32f4xx_hal_msp.o
 .debug_loc     0x00000000000000f3      0x14c Core/Src/system_stm32f4xx.o
 .debug_loc     0x000000000000023f      0x12f Drivers/STM32F4xx_HAL_Driver/Src/stm32f4xx_hal.o
 .debug_loc     0x000000000000036e      0x5c9 Drivers/STM32F4xx_HAL_Driver/Src/stm32f4xx_hal_cortex.o
 .debug_loc     0x0000000000000937      0x7e1 Drivers/STM32F4xx_HAL_Driver/Src/stm32f4xx_hal_dma.o
 .debug_loc     0x0000000000001118      0x435 Drivers/STM32F4xx_HAL_Driver/Src/stm32f4xx_hal_gpio.o
 .debug_loc     0x000000000000154d      0x3fc Drivers/STM32F4xx_HAL_Driver/Src/stm32f4xx_hal_rcc.o
 .debug_loc     0x0000000000001949     0x1bbc Drivers/STM32F4xx_HAL_Driver/Src/stm32f4xx_hal_spi.o

.debug_aranges  0x0000000000000000      0x5a8
 .debug_aranges
                0x0000000000000000       0x48 Core/Src/main.o
 .debug_aranges
                0x0000000000000048       0x30 Core/Src/stm32f4xx_hal_msp.o
 .debug_aranges
                0x0000000000000078       0x68 Core/Src/stm32f4xx_it.o
 .debug_aranges
                0x00000000000000e0       0x28 Core/Src/system_stm32f4xx.o
 .debug_aranges
                0x0000000000000108       0x28 Core/Startup/startup_stm32f407vgtx.o
 .debug_aranges
                0x0000000000000130       0xe8 Drivers/STM32F4xx_HAL_Driver/Src/stm32f4xx_hal.o
 .debug_aranges
                0x0000000000000218       0xa8 Drivers/STM32F4xx_HAL_Driver/Src/stm32f4xx_hal_cortex.o
 .debug_aranges
                0x00000000000002c0       0x78 Drivers/STM32F4xx_HAL_Driver/Src/stm32f4xx_hal_dma.o
 .debug_aranges
                0x0000000000000338       0x58 Drivers/STM32F4xx_HAL_Driver/Src/stm32f4xx_hal_gpio.o
 .debug_aranges
                0x0000000000000390       0x88 Drivers/STM32F4xx_HAL_Driver/Src/stm32f4xx_hal_rcc.o
 .debug_aranges
                0x0000000000000418      0x190 Drivers/STM32F4xx_HAL_Driver/Src/stm32f4xx_hal_spi.o

.debug_ranges   0x0000000000000000      0x9c0
 .debug_ranges  0x0000000000000000      0x188 Core/Src/main.o
 .debug_ranges  0x0000000000000188       0x50 Core/Src/stm32f4xx_hal_msp.o
 .debug_ranges  0x00000000000001d8       0x58 Core/Src/stm32f4xx_it.o
 .debug_ranges  0x0000000000000230       0x18 Core/Src/system_stm32f4xx.o
 .debug_ranges  0x0000000000000248       0x20 Core/Startup/startup_stm32f407vgtx.o
 .debug_ranges  0x0000000000000268       0xd8 Drivers/STM32F4xx_HAL_Driver/Src/stm32f4xx_hal.o
 .debug_ranges  0x0000000000000340      0x138 Drivers/STM32F4xx_HAL_Driver/Src/stm32f4xx_hal_cortex.o
 .debug_ranges  0x0000000000000478      0x110 Drivers/STM32F4xx_HAL_Driver/Src/stm32f4xx_hal_dma.o
 .debug_ranges  0x0000000000000588       0x60 Drivers/STM32F4xx_HAL_Driver/Src/stm32f4xx_hal_gpio.o
 .debug_ranges  0x00000000000005e8      0x100 Drivers/STM32F4xx_HAL_Driver/Src/stm32f4xx_hal_rcc.o
 .debug_ranges  0x00000000000006e8      0x2d8 Drivers/STM32F4xx_HAL_Driver/Src/stm32f4xx_hal_spi.o

.debug_macro    0x0000000000000000    0x1fb70
 .debug_macro   0x0000000000000000      0x28a Core/Src/main.o
 .debug_macro   0x000000000000028a      0xa5a Core/Src/main.o
 .debug_macro   0x0000000000000ce4      0x28e Core/Src/main.o
 .debug_macro   0x0000000000000f72       0x2e Core/Src/main.o
 .debug_macro   0x0000000000000fa0       0x2f Core/Src/main.o
 .debug_macro   0x0000000000000fcf       0x22 Core/Src/main.o
 .debug_macro   0x0000000000000ff1       0x8e Core/Src/main.o
 .debug_macro   0x000000000000107f       0x51 Core/Src/main.o
 .debug_macro   0x00000000000010d0       0xef Core/Src/main.o
 .debug_macro   0x00000000000011bf       0x6a Core/Src/main.o
 .debug_macro   0x0000000000001229      0x1df Core/Src/main.o
 .debug_macro   0x0000000000001408       0x1c Core/Src/main.o
 .debug_macro   0x0000000000001424       0x22 Core/Src/main.o
 .debug_macro   0x0000000000001446       0xdf Core/Src/main.o
 .debug_macro   0x0000000000001525     0x102d Core/Src/main.o
 .debug_macro   0x0000000000002552      0x11f Core/Src/main.o
 .debug_macro   0x0000000000002671    0x15e3c Core/Src/main.o
 .debug_macro   0x00000000000184ad       0x43 Core/Src/main.o
 .debug_macro   0x00000000000184f0     0x3659 Core/Src/main.o
 .debug_macro   0x000000000001bb49      0x174 Core/Src/main.o
 .debug_macro   0x000000000001bcbd       0x5a Core/Src/main.o
 .debug_macro   0x000000000001bd17      0x96b Core/Src/main.o
 .debug_macro   0x000000000001c682      0x9fe Core/Src/main.o
 .debug_macro   0x000000000001d080      0x117 Core/Src/main.o
 .debug_macro   0x000000000001d197      0x13e Core/Src/main.o
 .debug_macro   0x000000000001d2d5       0x27 Core/Src/main.o
 .debug_macro   0x000000000001d2fc      0x174 Core/Src/main.o
 .debug_macro   0x000000000001d470      0x287 Core/Src/main.o
 .debug_macro   0x000000000001d6f7       0x5f Core/Src/main.o
 .debug_macro   0x000000000001d756      0x236 Core/Src/main.o
 .debug_macro   0x000000000001d98c      0x12c Core/Src/main.o
 .debug_macro   0x000000000001dab8      0x21e Core/Src/main.o
 .debug_macro   0x000000000001dcd6       0x2e Core/Src/main.o
 .debug_macro   0x000000000001dd04      0x11a Core/Src/main.o
 .debug_macro   0x000000000001de1e       0x7e Core/Src/main.o
 .debug_macro   0x000000000001de9c       0x89 Core/Src/main.o
 .debug_macro   0x000000000001df25      0x225 Core/Src/main.o
 .debug_macro   0x000000000001e14a      0x12d Core/Src/main.o
 .debug_macro   0x000000000001e277       0x1c Core/Src/main.o
 .debug_macro   0x000000000001e293       0x46 Core/Src/main.o
 .debug_macro   0x000000000001e2d9       0x18 Core/Src/main.o
 .debug_macro   0x000000000001e2f1       0x3c Core/Src/main.o
 .debug_macro   0x000000000001e32d       0x34 Core/Src/main.o
 .debug_macro   0x000000000001e361       0x52 Core/Src/main.o
 .debug_macro   0x000000000001e3b3       0x1f Core/Src/main.o
 .debug_macro   0x000000000001e3d2       0x43 Core/Src/main.o
 .debug_macro   0x000000000001e415       0x20 Core/Src/main.o
 .debug_macro   0x000000000001e435      0x1a3 Core/Src/main.o
 .debug_macro   0x000000000001e5d8      0x32a Core/Src/main.o
 .debug_macro   0x000000000001e902       0x10 Core/Src/main.o
 .debug_macro   0x000000000001e912       0x35 Core/Src/main.o
 .debug_macro   0x000000000001e947       0x20 Core/Src/main.o
 .debug_macro   0x000000000001e967      0x28a Core/Src/stm32f4xx_hal_msp.o
 .debug_macro   0x000000000001ebf1      0x294 Core/Src/stm32f4xx_it.o
 .debug_macro   0x000000000001ee85      0x1c0 Core/Src/system_stm32f4xx.o
 .debug_macro   0x000000000001f045      0x21a Drivers/STM32F4xx_HAL_Driver/Src/stm32f4xx_hal.o
 .debug_macro   0x000000000001f25f      0x1ba Drivers/STM32F4xx_HAL_Driver/Src/stm32f4xx_hal_cortex.o
 .debug_macro   0x000000000001f419      0x1c0 Drivers/STM32F4xx_HAL_Driver/Src/stm32f4xx_hal_dma.o
 .debug_macro   0x000000000001f5d9      0x1f0 Drivers/STM32F4xx_HAL_Driver/Src/stm32f4xx_hal_gpio.o
 .debug_macro   0x000000000001f7c9      0x1de Drivers/STM32F4xx_HAL_Driver/Src/stm32f4xx_hal_rcc.o
 .debug_macro   0x000000000001f9a7      0x1c9 Drivers/STM32F4xx_HAL_Driver/Src/stm32f4xx_hal_spi.o

.debug_line     0x0000000000000000     0x634d
 .debug_line    0x0000000000000000      0x9f0 Core/Src/main.o
 .debug_line    0x00000000000009f0      0x85d Core/Src/stm32f4xx_hal_msp.o
 .debug_line    0x000000000000124d      0x888 Core/Src/stm32f4xx_it.o
 .debug_line    0x0000000000001ad5      0x6b7 Core/Src/system_stm32f4xx.o
 .debug_line    0x000000000000218c       0x85 Core/Startup/startup_stm32f407vgtx.o
 .debug_line    0x0000000000002211      0x88e Drivers/STM32F4xx_HAL_Driver/Src/stm32f4xx_hal.o
 .debug_line    0x0000000000002a9f      0x91a Drivers/STM32F4xx_HAL_Driver/Src/stm32f4xx_hal_cortex.o
 .debug_line    0x00000000000033b9      0xb01 Drivers/STM32F4xx_HAL_Driver/Src/stm32f4xx_hal_dma.o
 .debug_line    0x0000000000003eba      0x891 Drivers/STM32F4xx_HAL_Driver/Src/stm32f4xx_hal_gpio.o
 .debug_line    0x000000000000474b      0x9ce Drivers/STM32F4xx_HAL_Driver/Src/stm32f4xx_hal_rcc.o
 .debug_line    0x0000000000005119     0x1234 Drivers/STM32F4xx_HAL_Driver/Src/stm32f4xx_hal_spi.o

.debug_str      0x0000000000000000    0xc07e6
 .debug_str     0x0000000000000000    0xbf046 Core/Src/main.o
                                      0xbf403 (size before relaxing)
 .debug_str     0x00000000000bf046       0x7a Core/Src/stm32f4xx_hal_msp.o
                                      0xbeb8f (size before relaxing)
 .debug_str     0x00000000000bf0c0      0x141 Core/Src/stm32f4xx_it.o
                                      0xbe90c (size before relaxing)
 .debug_str     0x00000000000bf201       0xc4 Core/Src/system_stm32f4xx.o
                                      0xbb6fc (size before relaxing)
 .debug_str     0x00000000000bf2c5       0x36 Core/Startup/startup_stm32f407vgtx.o
                                         0x81 (size before relaxing)
 .debug_str     0x00000000000bf2fb      0x59e Drivers/STM32F4xx_HAL_Driver/Src/stm32f4xx_hal.o
                                      0xbc20e (size before relaxing)
 .debug_str     0x00000000000bf899      0x306 Drivers/STM32F4xx_HAL_Driver/Src/stm32f4xx_hal_cortex.o
                                      0xbbfb8 (size before relaxing)
 .debug_str     0x00000000000bfb9f      0x2f3 Drivers/STM32F4xx_HAL_Driver/Src/stm32f4xx_hal_dma.o
                                      0xbbb1d (size before relaxing)
 .debug_str     0x00000000000bfe92      0x1f9 Drivers/STM32F4xx_HAL_Driver/Src/stm32f4xx_hal_gpio.o
                                      0xbb93b (size before relaxing)
 .debug_str     0x00000000000c008b      0x233 Drivers/STM32F4xx_HAL_Driver/Src/stm32f4xx_hal_rcc.o
                                      0xbbb10 (size before relaxing)
 .debug_str     0x00000000000c02be      0x528 Drivers/STM32F4xx_HAL_Driver/Src/stm32f4xx_hal_spi.o
                                      0xbbfa6 (size before relaxing)

.comment        0x0000000000000000       0x7b
 .comment       0x0000000000000000       0x7b Core/Src/main.o
                                         0x7c (size before relaxing)
 .comment       0x000000000000007b       0x7c Core/Src/stm32f4xx_hal_msp.o
 .comment       0x000000000000007b       0x7c Core/Src/stm32f4xx_it.o
 .comment       0x000000000000007b       0x7c Core/Src/system_stm32f4xx.o
 .comment       0x000000000000007b       0x7c Drivers/STM32F4xx_HAL_Driver/Src/stm32f4xx_hal.o
 .comment       0x000000000000007b       0x7c Drivers/STM32F4xx_HAL_Driver/Src/stm32f4xx_hal_cortex.o
 .comment       0x000000000000007b       0x7c Drivers/STM32F4xx_HAL_Driver/Src/stm32f4xx_hal_dma.o
 .comment       0x000000000000007b       0x7c Drivers/STM32F4xx_HAL_Driver/Src/stm32f4xx_hal_gpio.o
 .comment       0x000000000000007b       0x7c Drivers/STM32F4xx_HAL_Driver/Src/stm32f4xx_hal_rcc.o
 .comment       0x000000000000007b       0x7c Drivers/STM32F4xx_HAL_Driver/Src/stm32f4xx_hal_spi.o

.debug_frame    0x0000000000000000     0x1098
 .debug_frame   0x0000000000000000       0xc8 Core/Src/main.o
 .debug_frame   0x00000000000000c8       0x70 Core/Src/stm32f4xx_hal_msp.o
 .debug_frame   0x0000000000000138       0xe0 Core/Src/stm32f4xx_it.o
 .debug_frame   0x0000000000000218       0x30 Core/Src/system_stm32f4xx.o
 .debug_frame   0x0000000000000248      0x1f4 Drivers/STM32F4xx_HAL_Driver/Src/stm32f4xx_hal.o
 .debug_frame   0x000000000000043c      0x178 Drivers/STM32F4xx_HAL_Driver/Src/stm32f4xx_hal_cortex.o
 .debug_frame   0x00000000000005b4      0x1bc Drivers/STM32F4xx_HAL_Driver/Src/stm32f4xx_hal_dma.o
 .debug_frame   0x0000000000000770       0xd8 Drivers/STM32F4xx_HAL_Driver/Src/stm32f4xx_hal_gpio.o
 .debug_frame   0x0000000000000848      0x174 Drivers/STM32F4xx_HAL_Driver/Src/stm32f4xx_hal_rcc.o
 .debug_frame   0x00000000000009bc      0x630 Drivers/STM32F4xx_HAL_Driver/Src/stm32f4xx_hal_spi.o
 .debug_frame   0x0000000000000fec       0x2c c:/st/stm32cubeide_1.1.0/stm32cubeide/plugins/com.st.stm32cube.ide.mcu.externaltools.gnu-tools-for-stm32.7-2018-q2-update.win32_1.4.0.202007081208/tools/bin/../lib/gcc/arm-none-eabi/7.3.1/../../../../arm-none-eabi/lib/thumb/v7e-m/fpv4-sp/hard\libc_nano.a(lib_a-init.o)
 .debug_frame   0x0000000000001018       0x20 c:/st/stm32cubeide_1.1.0/stm32cubeide/plugins/com.st.stm32cube.ide.mcu.externaltools.gnu-tools-for-stm32.7-2018-q2-update.win32_1.4.0.202007081208/tools/bin/../lib/gcc/arm-none-eabi/7.3.1/../../../../arm-none-eabi/lib/thumb/v7e-m/fpv4-sp/hard\libc_nano.a(lib_a-memset.o)
 .debug_frame   0x0000000000001038       0x2c c:/st/stm32cubeide_1.1.0/stm32cubeide/plugins/com.st.stm32cube.ide.mcu.externaltools.gnu-tools-for-stm32.7-2018-q2-update.win32_1.4.0.202007081208/tools/bin/../lib/gcc/arm-none-eabi/7.3.1/thumb/v7e-m/fpv4-sp/hard\libgcc.a(_aeabi_uldivmod.o)
 .debug_frame   0x0000000000001064       0x34 c:/st/stm32cubeide_1.1.0/stm32cubeide/plugins/com.st.stm32cube.ide.mcu.externaltools.gnu-tools-for-stm32.7-2018-q2-update.win32_1.4.0.202007081208/tools/bin/../lib/gcc/arm-none-eabi/7.3.1/thumb/v7e-m/fpv4-sp/hard\libgcc.a(_udivmoddi4.o)
